current directory: /home/worajedt/RubymineProjects/darwis/darwis/vendor/bundle/ruby/3.4.0/gems/json-2.19.1/ext/json/ext/parser
/usr/bin/ruby extconf.rb
checking for rb_enc_interned_str() in ruby/encoding.h... yes
checking for rb_str_to_interned_str() in ruby.h... yes
checking for rb_hash_new_capa() in ruby.h... yes
checking for rb_hash_bulk_insert() in ruby.h... yes
checking for whether -std=c99 is accepted as CFLAGS... yes
checking for arm_neon.h... yes
checking for cpuid.h... no
creating Makefile

current directory: /home/worajedt/RubymineProjects/darwis/darwis/vendor/bundle/ruby/3.4.0/gems/json-2.19.1/ext/json/ext/parser
make DESTDIR\= sitearchdir\=./.gem.20260310-76179-vjt5s5 sitelibdir\=./.gem.20260310-76179-vjt5s5 clean

current directory: /home/worajedt/RubymineProjects/darwis/darwis/vendor/bundle/ruby/3.4.0/gems/json-2.19.1/ext/json/ext/parser
make DESTDIR\= sitearchdir\=./.gem.20260310-76179-vjt5s5 sitelibdir\=./.gem.20260310-76179-vjt5s5
compiling parser.c
linking shared-object json/ext/parser.so

current directory: /home/worajedt/RubymineProjects/darwis/darwis/vendor/bundle/ruby/3.4.0/gems/json-2.19.1/ext/json/ext/parser
make DESTDIR\= sitearchdir\=./.gem.20260310-76179-vjt5s5 sitelibdir\=./.gem.20260310-76179-vjt5s5 install
/usr/bin/install -c -m 0755 parser.so ./.gem.20260310-76179-vjt5s5/json/ext

current directory: /home/worajedt/RubymineProjects/darwis/darwis/vendor/bundle/ruby/3.4.0/gems/json-2.19.1/ext/json/ext/parser
make DESTDIR\= sitearchdir\=./.gem.20260310-76179-vjt5s5 sitelibdir\=./.gem.20260310-76179-vjt5s5 clean
